#Level_a     Level_b     Type_crossing     H_crossing     E_crossing1     E_crossing2     AE     Curvature1     Curvature2
lvl_10     lvl_11     non-avoided     0.09493     -195.52144     -     - 
lvl_10     lvl_12     non-avoided     0.07120     -195.52169     -     - 
lvl_10     lvl_13     non-avoided     0.04746     -195.52211     -     - 
lvl_10     lvl_14     non-avoided     0.02373     -195.52270     -     - 
lvl_10     lvl_15     non-avoided     -0.00000     -195.52346     -     - 
lvl_10     lvl_16     non-avoided     -0.02373     -195.52439     -     - 
lvl_10     lvl_20     Check     -0.16700     -195.53359     -194.14703     1.38656     -     - 
lvl_10     lvl_22     non-avoided     9999.90000     -14757508.67512     -     - 
lvl_10     lvl_23     non-avoided     9999.90000     -15347827.61073     -     - 
lvl_10     lvl_24     non-avoided     9999.90000     -15347824.23474     -     - 
lvl_10     lvl_26     non-avoided     9999.90000     -15347820.85778     -     - 
lvl_10     lvl_28     non-avoided     9999.90000     -14757517.89605     -     - 
lvl_10     lvl_29     avoided     0.11864     -195.52135     -194.14703     1.37432     0.15348     3.78985
lvl_10     lvl_31     non-avoided     9999.90000     -15347810.98797     -     - 
lvl_11     lvl_12     non-avoided     0.04746     -195.52144     -     - 
lvl_11     lvl_13     non-avoided     0.02373     -195.52169     -     - 
lvl_11     lvl_14     non-avoided     0.00000     -195.52211     -     - 
lvl_11     lvl_15     non-avoided     -0.02373     -195.52270     -     - 
lvl_11     lvl_16     non-avoided     -0.04747     -195.52346     -     - 
lvl_11     lvl_20     non-avoided     9999.90000     -15347976.82896     -     - 
lvl_11     lvl_22     non-avoided     9999.90000     -14167328.61874     -     - 
lvl_11     lvl_23     non-avoided     9999.90000     -15347969.97195     -     - 
lvl_11     lvl_24     non-avoided     9999.90000     -14757655.65933     -     - 
lvl_11     lvl_26     non-avoided     9999.90000     -14757657.86731     -     - 
lvl_11     lvl_28     avoided     0.07118     -195.52135     -194.14703     1.37432     0.14758     3.77214
lvl_11     lvl_29     non-avoided     9999.90000     -13577074.20147     -     - 
lvl_11     lvl_31     non-avoided     9999.90000     -14757664.88017     -     - 
lvl_12     lvl_13     non-avoided     0.00000     -195.52144     -     - 
lvl_12     lvl_14     non-avoided     -0.02373     -195.52169     -     - 
lvl_12     lvl_15     non-avoided     -0.04747     -195.52211     -     - 
lvl_12     lvl_16     non-avoided     -0.07120     -195.52270     -     - 
lvl_12     lvl_20     non-avoided     9999.90000     -14757791.00724     -     - 
lvl_12     lvl_22     non-avoided     9999.90000     -13577148.74604     -     - 
lvl_12     lvl_23     non-avoided     9999.90000     -14757795.63125     -     - 
lvl_12     lvl_24     non-avoided     9999.90000     -14757798.02023     -     - 
lvl_12     lvl_26     avoided     0.02370     -195.52135     -194.14703     1.37432     0.14758     3.77804
lvl_12     lvl_28     non-avoided     9999.90000     -13577203.18663     -     - 
lvl_12     lvl_29     non-avoided     9999.90000     -15348098.90502     -     - 
lvl_12     lvl_31     non-avoided     9999.90000     -14757807.24108     -     - 
lvl_13     lvl_14     non-avoided     -0.04747     -195.52144     -     - 
lvl_13     lvl_15     non-avoided     -0.07120     -195.52169     -     - 
lvl_13     lvl_16     non-avoided     -0.09493     -195.52211     -     - 
lvl_13     lvl_20     non-avoided     9999.90000     -15348261.37144     -     - 
lvl_13     lvl_22     non-avoided     9999.90000     -15348257.99442     -     - 
lvl_13     lvl_23     non-avoided     9999.90000     -15348254.87743     -     - 
lvl_13     lvl_24     avoided     -0.02376     -195.52135     -194.14703     1.37432     0.15348     3.77214
lvl_13     lvl_26     non-avoided     9999.90000     -15348248.02048     -     - 
lvl_13     lvl_28     non-avoided     9999.90000     -14757945.00575     -     - 
lvl_13     lvl_29     non-avoided     9999.90000     -14167653.16082     -     - 
lvl_13     lvl_31     non-avoided     9999.90000     -14167660.95264     -     - 
lvl_14     lvl_15     non-avoided     -0.09493     -195.52144     -     - 
lvl_14     lvl_16     non-avoided     -0.11866     -195.52169     -     - 
lvl_14     lvl_20     non-avoided     9999.90000     -15348403.73369     -     - 
lvl_14     lvl_22     non-avoided     9999.90000     -14167755.88747     -     - 
lvl_14     lvl_23     avoided     -0.07124     -195.52135     -194.14703     1.37432     0.15348     3.78394
lvl_14     lvl_24     non-avoided     9999.90000     -15938704.74833     -     - 
lvl_14     lvl_26     non-avoided     9999.90000     -15938695.78742     -     - 
lvl_14     lvl_28     non-avoided     9999.90000     -15348387.37077     -     - 
lvl_14     lvl_29     non-avoided     9999.90000     -14758089.57696     -     - 
lvl_14     lvl_31     non-avoided     9999.90000     -14758091.78491     -     - 
lvl_15     lvl_16     non-avoided     -0.14240     -195.52144     -     - 
lvl_15     lvl_20     non-avoided     9999.90000     -14758218.27799     -     - 
lvl_15     lvl_22     avoided     -0.11866     -195.52135     -194.14703     1.37432     0.15348     3.77804
lvl_15     lvl_23     non-avoided     9999.90000     -15348539.50061     -     - 
lvl_15     lvl_24     non-avoided     9999.90000     -14167914.32935     -     - 
lvl_15     lvl_26     non-avoided     9999.90000     -16529143.37304     -     - 
lvl_15     lvl_28     non-avoided     9999.90000     -15348529.37071     -     - 
lvl_15     lvl_29     non-avoided     9999.90000     -15348526.17577     -     - 
lvl_15     lvl_31     non-avoided     9999.90000     -14167945.49682     -     - 
lvl_16     lvl_20     avoided     -0.16614     -195.52135     -194.14703     1.37432     0.15348     3.78985
lvl_16     lvl_22     non-avoided     9999.90000     -15348685.16321     -     - 
lvl_16     lvl_23     non-avoided     9999.90000     -14758365.29161     -     - 
lvl_16     lvl_24     non-avoided     9999.90000     -14758367.49959     -     - 
lvl_16     lvl_26     non-avoided     9999.90000     -14758369.88957     -     - 
lvl_16     lvl_28     non-avoided     9999.90000     -14758371.91554     -     - 
lvl_16     lvl_29     non-avoided     9999.90000     -14758374.12250     -     - 
lvl_17     lvl_33     non-avoided     -0.00000     -194.01749     -     - 
lvl_17     lvl_34     non-avoided     0.02373     -193.96413     -     - 
lvl_17     lvl_35     non-avoided     0.04747     -193.91081     -     - 
lvl_17     lvl_36     non-avoided     0.07120     -193.85753     -     - 
lvl_17     lvl_37     non-avoided     0.09493     -193.80430     -     - 
lvl_17     lvl_38     non-avoided     0.11867     -193.75110     -     - 
lvl_17     lvl_39     non-avoided     0.14240     -193.69795     -     - 
lvl_17     lvl_40     non-avoided     0.16613     -193.64484     -     - 
lvl_18     lvl_33     non-avoided     -0.02373     -193.96413     -     - 
lvl_18     lvl_34     non-avoided     0.00000     -193.91081     -     - 
lvl_18     lvl_35     non-avoided     0.02373     -193.85753     -     - 
lvl_18     lvl_36     non-avoided     0.04747     -193.80430     -     - 
lvl_18     lvl_37     non-avoided     0.07120     -193.75110     -     - 
lvl_18     lvl_38     non-avoided     0.09493     -193.69795     -     - 
lvl_18     lvl_39     non-avoided     0.11867     -193.64484     -     - 
lvl_18     lvl_40     non-avoided     0.14240     -193.59178     -     - 
lvl_19     lvl_33     non-avoided     -0.04747     -193.91081     -     - 
lvl_19     lvl_34     non-avoided     -0.02373     -193.85753     -     - 
lvl_19     lvl_35     non-avoided     -0.00000     -193.80430     -     - 
lvl_19     lvl_36     non-avoided     0.02373     -193.75110     -     - 
lvl_19     lvl_37     non-avoided     0.04747     -193.69795     -     - 
lvl_19     lvl_38     non-avoided     0.07120     -193.64484     -     - 
lvl_19     lvl_39     non-avoided     0.09493     -193.59178     -     - 
lvl_19     lvl_40     non-avoided     0.11867     -193.53876     -     - 
lvl_1     lvl_10     non-avoided     9999.90000     -379554963.46486     -     - 
lvl_1     lvl_11     non-avoided     9999.90000     -379554963.46486     -     - 
lvl_1     lvl_12     non-avoided     9999.90000     -379554963.46486     -     - 
lvl_1     lvl_13     non-avoided     9999.90000     -379554963.46486     -     - 
lvl_1     lvl_14     non-avoided     9999.90000     -379554963.46486     -     - 
lvl_1     lvl_15     Check     0.16520     -196.30743     -195.53344     0.77399     -     - 
lvl_1     lvl_4     non-avoided     0.09493     -196.32645     -     - 
lvl_1     lvl_5     non-avoided     0.07120     -196.34103     -     - 
lvl_1     lvl_6     non-avoided     0.04747     -196.35949     -     - 
lvl_1     lvl_7     non-avoided     0.02373     -196.38166     -     - 
lvl_1     lvl_8     non-avoided     -0.00000     -196.40732     -     - 
lvl_20     lvl_21     non-avoided     -0.19821     -194.14315     -     - 
lvl_20     lvl_24     non-avoided     -0.09493     -194.12803     -     - 
lvl_20     lvl_26     non-avoided     -0.07120     -194.11348     -     - 
lvl_20     lvl_28     non-avoided     -0.04747     -194.09505     -     - 
lvl_20     lvl_29     non-avoided     -0.02373     -194.07292     -     - 
lvl_20     lvl_31     non-avoided     0.00000     -194.04730     -     - 
lvl_20     lvl_33     non-avoided     0.00870     -194.03707     -     - 
lvl_20     lvl_34     non-avoided     0.03893     -193.99830     -     - 
lvl_20     lvl_35     non-avoided     0.06791     -193.95674     -     - 
lvl_20     lvl_36     non-avoided     0.09587     -193.91292     -     - 
lvl_20     lvl_37     non-avoided     0.12300     -193.86727     -     - 
lvl_20     lvl_38     non-avoided     0.14944     -193.82009     -     - 
lvl_20     lvl_39     non-avoided     0.17530     -193.77165     -     - 
lvl_21     lvl_33     non-avoided     -0.07120     -193.85753     -     - 
lvl_21     lvl_34     non-avoided     -0.04747     -193.80430     -     - 
lvl_21     lvl_35     non-avoided     -0.02373     -193.75110     -     - 
lvl_21     lvl_36     non-avoided     -0.00000     -193.69795     -     - 
lvl_21     lvl_37     non-avoided     0.02373     -193.64484     -     - 
lvl_21     lvl_38     non-avoided     0.04747     -193.59178     -     - 
lvl_21     lvl_39     non-avoided     0.07120     -193.53876     -     - 
lvl_21     lvl_40     non-avoided     0.09493     -193.48578     -     - 
lvl_22     lvl_26     non-avoided     -0.04747     -194.12803     -     - 
lvl_22     lvl_28     non-avoided     -0.02373     -194.11348     -     - 
lvl_22     lvl_29     non-avoided     -0.00000     -194.09505     -     - 
lvl_22     lvl_31     non-avoided     0.02373     -194.07292     -     - 
lvl_22     lvl_33     non-avoided     0.02435     -194.07229     -     - 
lvl_22     lvl_34     non-avoided     0.05617     -194.03707     -     - 
lvl_22     lvl_35     non-avoided     0.08640     -193.99830     -     - 
lvl_22     lvl_36     non-avoided     0.11538     -193.95674     -     - 
lvl_22     lvl_37     non-avoided     0.14334     -193.91292     -     - 
lvl_22     lvl_38     non-avoided     0.17047     -193.86727     -     - 
lvl_22     lvl_39     non-avoided     0.19691     -193.82009     -     - 
lvl_23     lvl_28     non-avoided     -0.00000     -194.12803     -     - 
lvl_23     lvl_29     non-avoided     0.02373     -194.11348     -     - 
lvl_23     lvl_31     non-avoided     0.04747     -194.09505     -     - 
lvl_23     lvl_33     non-avoided     0.03795     -194.10290     -     - 
lvl_23     lvl_34     non-avoided     0.07182     -194.07229     -     - 
lvl_23     lvl_35     non-avoided     0.10364     -194.03707     -     - 
lvl_23     lvl_36     non-avoided     0.13387     -193.99830     -     - 
lvl_23     lvl_37     non-avoided     0.16284     -193.95674     -     - 
lvl_23     lvl_38     non-avoided     0.19080     -193.91292     -     - 
lvl_24     lvl_25     non-avoided     9999.90000     -51332174991.62894     -     - 
lvl_24     lvl_29     non-avoided     0.04747     -194.12803     -     - 
lvl_24     lvl_31     non-avoided     0.07120     -194.11348     -     - 
lvl_24     lvl_33     non-avoided     0.04879     -194.12733     -     - 
lvl_24     lvl_34     non-avoided     0.08541     -194.10290     -     - 
lvl_24     lvl_35     non-avoided     0.11929     -194.07229     -     - 
lvl_24     lvl_36     non-avoided     0.15110     -194.03707     -     - 
lvl_24     lvl_37     non-avoided     0.18133     -193.99830     -     - 
lvl_25     lvl_33     non-avoided     -0.09493     -193.80430     -     - 
lvl_25     lvl_34     non-avoided     -0.07120     -193.75110     -     - 
lvl_25     lvl_35     non-avoided     -0.04747     -193.69795     -     - 
lvl_25     lvl_36     non-avoided     -0.02373     -193.64484     -     - 
lvl_25     lvl_37     non-avoided     -0.00000     -193.59178     -     - 
lvl_25     lvl_38     non-avoided     0.02373     -193.53876     -     - 
lvl_25     lvl_39     non-avoided     0.04747     -193.48578     -     - 
lvl_25     lvl_40     non-avoided     0.07120     -193.43285     -     - 
lvl_26     lvl_31     non-avoided     0.09493     -194.12803     -     - 
lvl_26     lvl_33     non-avoided     0.05582     -194.14315     -     - 
lvl_26     lvl_34     non-avoided     0.09626     -194.12733     -     - 
lvl_26     lvl_35     non-avoided     0.13288     -194.10290     -     - 
lvl_26     lvl_36     non-avoided     0.16675     -194.07229     -     - 
lvl_26     lvl_37     non-avoided     0.19857     -194.03707     -     - 
lvl_27     lvl_33     non-avoided     -0.11867     -193.75110     -     - 
lvl_27     lvl_34     non-avoided     -0.09493     -193.69795     -     - 
lvl_27     lvl_35     non-avoided     -0.07120     -193.64484     -     - 
lvl_27     lvl_36     non-avoided     -0.04747     -193.59178     -     - 
lvl_27     lvl_37     non-avoided     -0.02373     -193.53876     -     - 
lvl_27     lvl_38     non-avoided     -0.00000     -193.48578     -     - 
lvl_27     lvl_39     non-avoided     0.02373     -193.43285     -     - 
lvl_27     lvl_40     non-avoided     0.04747     -193.37996     -     - 
lvl_28     lvl_34     non-avoided     0.10328     -194.14315     -     - 
lvl_28     lvl_35     non-avoided     0.14372     -194.12733     -     - 
lvl_28     lvl_36     non-avoided     0.18035     -194.10290     -     - 
lvl_29     lvl_30     non-avoided     9999.90000     -42728691862.67068     -     - 
lvl_29     lvl_35     non-avoided     0.15075     -194.14315     -     - 
lvl_29     lvl_36     non-avoided     0.19119     -194.12733     -     - 
lvl_2     lvl_11     non-avoided     9999.90000     -378377978.33575     -     - 
lvl_2     lvl_12     non-avoided     9999.90000     -378377978.33575     -     - 
lvl_2     lvl_13     non-avoided     9999.90000     -378377978.33575     -     - 
lvl_2     lvl_14     non-avoided     9999.90000     -378377978.33575     -     - 
lvl_2     lvl_15     non-avoided     9999.90000     -378377978.33575     -     - 
lvl_2     lvl_16     non-avoided     9999.90000     -378377978.33575     -     - 
lvl_2     lvl_5     non-avoided     0.04747     -196.32645     -     - 
lvl_2     lvl_6     non-avoided     0.02373     -196.34103     -     - 
lvl_2     lvl_7     non-avoided     -0.00000     -196.35949     -     - 
lvl_2     lvl_8     non-avoided     -0.02373     -196.38166     -     - 
lvl_2     lvl_9     non-avoided     9999.90000     -377787684.12687     -     - 
lvl_30     lvl_33     non-avoided     -0.14240     -193.69795     -     - 
lvl_30     lvl_34     non-avoided     -0.11867     -193.64484     -     - 
lvl_30     lvl_35     non-avoided     -0.09493     -193.59178     -     - 
lvl_30     lvl_36     non-avoided     -0.07120     -193.53876     -     - 
lvl_30     lvl_37     non-avoided     -0.04747     -193.48578     -     - 
lvl_30     lvl_38     non-avoided     -0.02373     -193.43285     -     - 
lvl_30     lvl_39     non-avoided     -0.00000     -193.37996     -     - 
lvl_30     lvl_40     non-avoided     0.02373     -193.32712     -     - 
lvl_31     lvl_32     Check     -0.19780     -193.72780     -193.71572     0.01208     -     - 
lvl_31     lvl_36     non-avoided     0.19821     -194.14315     -     - 
lvl_32     lvl_33     non-avoided     -0.16613     -193.64484     -     - 
lvl_32     lvl_34     non-avoided     -0.14240     -193.59178     -     - 
lvl_32     lvl_35     non-avoided     -0.11867     -193.53876     -     - 
lvl_32     lvl_36     non-avoided     -0.09493     -193.48578     -     - 
lvl_32     lvl_37     non-avoided     -0.07120     -193.43285     -     - 
lvl_32     lvl_38     non-avoided     -0.04747     -193.37996     -     - 
lvl_32     lvl_39     non-avoided     -0.02373     -193.32712     -     - 
lvl_32     lvl_40     non-avoided     -0.00000     -193.27432     -     - 
lvl_3     lvl_10     non-avoided     9999.90000     -378971870.08550     -     - 
lvl_3     lvl_12     non-avoided     9999.90000     -378971870.18950     -     - 
lvl_3     lvl_13     non-avoided     9999.90000     -378971870.18950     -     - 
lvl_3     lvl_14     non-avoided     9999.90000     -378971870.18950     -     - 
lvl_3     lvl_15     non-avoided     9999.90000     -378971870.18950     -     - 
lvl_3     lvl_16     non-avoided     9999.90000     -378971870.18950     -     - 
lvl_3     lvl_6     non-avoided     -0.00000     -196.32645     -     - 
lvl_3     lvl_7     non-avoided     -0.02373     -196.34103     -     - 
lvl_3     lvl_8     non-avoided     -0.04747     -196.35949     -     - 
lvl_3     lvl_9     non-avoided     9999.90000     -378971870.08550     -     - 
lvl_4     lvl_10     non-avoided     9999.90000     -379565772.99514     -     - 
lvl_4     lvl_11     non-avoided     9999.90000     -379565772.99514     -     - 
lvl_4     lvl_13     non-avoided     9999.90000     -378385162.34276     -     - 
lvl_4     lvl_14     non-avoided     9999.90000     -378385162.34276     -     - 
lvl_4     lvl_15     non-avoided     9999.90000     -378385162.34276     -     - 
lvl_4     lvl_16     non-avoided     9999.90000     -378385162.34276     -     - 
lvl_4     lvl_7     non-avoided     -0.04747     -196.32645     -     - 
lvl_4     lvl_8     non-avoided     -0.07120     -196.34103     -     - 
lvl_4     lvl_9     non-avoided     9999.90000     -379565772.99514     -     - 
lvl_5     lvl_10     non-avoided     9999.90000     -378388754.67084     -     - 
lvl_5     lvl_11     non-avoided     9999.90000     -378388754.67084     -     - 
lvl_5     lvl_12     non-avoided     9999.90000     -378388754.67084     -     - 
lvl_5     lvl_14     non-avoided     9999.90000     -378979065.58147     -     - 
lvl_5     lvl_15     non-avoided     9999.90000     -378979065.58147     -     - 
lvl_5     lvl_16     non-avoided     9999.90000     -378979065.58147     -     - 
lvl_5     lvl_8     non-avoided     -0.09493     -196.32645     -     - 
lvl_5     lvl_9     non-avoided     9999.90000     -378388754.67084     -     - 
lvl_6     lvl_10     non-avoided     9999.90000     -378982663.19857     -     - 
lvl_6     lvl_11     non-avoided     9999.90000     -378982663.19857     -     - 
lvl_6     lvl_12     non-avoided     9999.90000     -378982663.19857     -     - 
lvl_6     lvl_13     non-avoided     9999.90000     -378982663.19857     -     - 
lvl_6     lvl_15     non-avoided     9999.90000     -378392346.59997     -     - 
lvl_6     lvl_16     non-avoided     9999.90000     -378392346.59997     -     - 
lvl_6     lvl_9     non-avoided     9999.90000     -378982663.19857     -     - 
lvl_7     lvl_10     non-avoided     9999.90000     -378395938.93614     -     - 
lvl_7     lvl_11     non-avoided     9999.90000     -378395938.93614     -     - 
lvl_7     lvl_12     non-avoided     9999.90000     -378395938.93614     -     - 
lvl_7     lvl_13     non-avoided     9999.90000     -378395938.93614     -     - 
lvl_7     lvl_14     non-avoided     9999.90000     -378395938.93614     -     - 
lvl_7     lvl_16     non-avoided     9999.90000     -378986261.14475     -     - 
lvl_7     lvl_9     non-avoided     9999.90000     -378395938.93614     -     - 
lvl_8     lvl_10     non-avoided     9999.90000     -377218875.54612     -     - 
lvl_8     lvl_11     non-avoided     9999.90000     -377218875.54612     -     - 
lvl_8     lvl_12     non-avoided     9999.90000     -377218875.54612     -     - 
lvl_8     lvl_13     non-avoided     9999.90000     -377218875.54612     -     - 
lvl_8     lvl_14     non-avoided     9999.90000     -377218875.54612     -     - 
lvl_8     lvl_15     non-avoided     9999.90000     -377218875.54612     -     - 
lvl_9     lvl_10     non-avoided     0.14240     -195.52144     -     - 
lvl_9     lvl_11     non-avoided     0.11867     -195.52169     -     - 
lvl_9     lvl_12     non-avoided     0.09493     -195.52211     -     - 
lvl_9     lvl_13     non-avoided     0.07120     -195.52270     -     - 
lvl_9     lvl_14     non-avoided     0.04747     -195.52346     -     - 
lvl_9     lvl_15     non-avoided     0.02373     -195.52439     -     - 
lvl_9     lvl_16     non-avoided     0.00000     -195.52549     -     - 
lvl_9     lvl_22     Check     -0.11970     -195.53360     -194.14703     1.38657     -     - 
lvl_9     lvl_23     non-avoided     9999.90000     -13576735.50736     -     - 
lvl_9     lvl_24     non-avoided     9999.90000     -15347682.05619     -     - 
lvl_9     lvl_26     non-avoided     9999.90000     -15347678.67923     -     - 
lvl_9     lvl_28     non-avoided     9999.90000     -15937975.07105     -     - 
lvl_9     lvl_29     non-avoided     9999.90000     -14757377.74346     -     - 
lvl_9     lvl_31     avoided     0.16606     -195.52135     -194.14703     1.37432     0.15348     3.77804
