#H   Ei   Ej   AEij   pendi   pendj   |pendi|-|pendj|   |pendi-pendj|
  -0.00301    -175.8399281    -175.8268636       0.0130645       2.1753800      -2.1647800       0.0106000       4.3401600
  -0.00201    -175.8377535    -175.8290293       0.0087242       2.1737000      -2.1666000       0.0071000       4.3403000
  -0.00101    -175.8355807    -175.8311968       0.0043839       2.1719800      -2.1684000       0.0035800       4.3403800
  -0.00001    -175.8334095    -175.8333661       0.0000434       2.1702300      -2.1701800       0.0000500       4.3404100
   0.00099    -175.8312402    -175.8355372       0.0042970       2.1684500      -2.1719500      -0.0035000       4.3403999
   0.00199    -175.8290726    -175.8377100       0.0086374       2.1666300      -2.1736800      -0.0070501       4.3403100
   0.00299    -175.8269069    -175.8398846       0.0129777       2.1648000      -2.1753600      -0.0105599       4.3401600
