#H   Ei   Ej   AEij   pendi   pendj   |pendi|-|pendj|   |pendi-pendj|
  -0.12001    -175.5697197    -175.2635660       0.3061537       0.0478300      -0.0478300       0.0000000       0.0956599
  -0.11901    -175.5696896    -175.2635961       0.3060935       0.0122800      -0.0122800       0.0000000       0.0245600
  -0.11801    -175.5696951    -175.2635906       0.3061045      -0.0232800       0.0232800       0.0000000       0.0465600
