#H   Ei   Ej   AEij   pendi   pendj   |pendi|-|pendj|   |pendi-pendj|
  -0.02701    -175.7894060    -175.7755172       0.0138888       2.1275100      -2.1104200       0.0170900       4.2379300
  -0.02601    -175.7872797    -175.7776290       0.0096507       2.1250300      -2.1131600       0.0118701       4.2381900
  -0.02501    -175.7851559    -175.7797436       0.0054123       2.1224800      -2.1158600       0.0066201       4.2383400
  -0.02401    -175.7830347    -175.7818608       0.0011739       2.1199200      -2.1184800       0.0014400       4.2384000
  -0.02301    -175.7809161    -175.7839806       0.0030645       2.1173100      -2.1210700      -0.0037600       4.2383800
  -0.02201    -175.7788000    -175.7861029       0.0073029       2.1146600      -2.1236100      -0.0089501       4.2382700
  -0.02101    -175.7766867    -175.7882279       0.0115412       2.1119500      -2.1261300      -0.0141800       4.2380800
