#    H            E_i             E_j              AE             slope_i          slope_j      |pendi|-|pendj| |pendi-pendj|  
  -0.16701    -175.5697012    -175.2635845       0.3061167       0.0312300      -0.0312300       0.0000000       0.0624600
  -0.16601    -175.5696878    -175.2635979       0.3060899      -0.0043100       0.0043100       0.0000000       0.0086200
  -0.16501    -175.5697099    -175.2635758       0.3061341      -0.0398700       0.0398700       0.0000000       0.0797401
