#H   Ei   Ej   AEij   pendi   pendj   |pendi|-|pendj|   |pendi-pendj|
-0.0010100     -175.5802143     -175.5786108     0.0016035     0.8232700     -0.7635100     0.0597600     1.5867799
-0.0000100     -175.5794054     -175.5793895     0.0000159     0.7939200     -0.7933000     0.0006200     1.5872200
0.0009900     -175.5786261     -175.5801978     0.0015717     0.7641200     -0.8226900     -0.0585700     1.5868100
0.0019900     -175.5778768     -175.5810352     0.0031584     0.7339100     -0.8516000     -0.1176900     1.5855099
0.0029900     -175.5771580     -175.5819014     0.0047434     0.7032900     -0.8800700     -0.1767801     1.5833600
