#H   Ei   Ej   AEij   pendi   pendj   |pendi|-|pendj|   |pendi-pendj|
-0.0010100     -175.0020893     -174.9977055     0.0043838     2.1684100     -2.1719700     -0.0035600     4.3403799
-0.0000100     -174.9999200     -174.9998766     0.0000434     2.1701700     -2.1702100     -0.0000400     4.3403800
0.0009900     -174.9977490     -175.0020460     0.0042970     2.1719200     -2.1684500     0.0034700     4.3403701
