#H   Ei   Ej   AEij   pendi   pendj   |pendi|-|pendj|   |pendi-pendj|
-0.0980100     -175.2561895     -175.2513069     0.0048826     0.7005700     -0.8825500     -0.1819801     1.5831200
-0.0970100     -175.2554733     -175.2521755     0.0032978     0.7312400     -0.8541100     -0.1228700     1.5853500
-0.0960100     -175.2547267     -175.2530154     0.0017113     0.7614900     -0.8252200     -0.0637300     1.5867100
-0.0950100     -175.2539500     -175.2538263     0.0001237     0.7913200     -0.7959200     -0.0045999     1.5872400
-0.0940100     -175.2531437     -175.2546076     0.0014639     0.8207000     -0.7661700     0.0545300     1.5868700
