#H   Ei   Ej   AEij   pendi   pendj   |pendi|-|pendj|   |pendi-pendj|
-0.0720100     -175.1489670     -175.1458537     0.0031133     1.9141900     -1.9247900     -0.0106000     3.8389800
-0.0710100     -175.1470494     -175.1477753     0.0007259     1.9207700     -1.9182900     0.0024800     3.8390600
-0.0700100     -175.1451253     -175.1496904     0.0045651     1.9272100     -1.9116400     0.0155700     3.8388501
