#H   Ei   Ej   AEij   pendi   pendj   |pendi|-|pendj|   |pendi-pendj|
0.0469900     -175.6433377     -175.6417039     0.0016338     1.7211300     -1.7106000     0.0105299     3.4317300
0.0479900     -175.6416219     -175.6434202     0.0017983     1.7100500     -1.7216500     -0.0116000     3.4317001
