#H   Ei   Ej   AEij   pendi   pendj   |pendi|-|pendj|   |pendi-pendj|
  -0.05040    -193.3864969    -193.3734260       0.0130709       2.2277727      -2.2273000       0.0004727       4.4550727
  -0.04930    -193.3840464    -193.3758761       0.0081703       2.2276818      -2.2273818       0.0003000       4.4550636
  -0.04820    -193.3815960    -193.3783262       0.0032698       2.2275909      -2.2274728       0.0001181       4.4550636
  -0.04710    -193.3791457    -193.3807765       0.0016308       2.2275000      -2.2275545      -0.0000546       4.4550545
  -0.04600    -193.3766955    -193.3832269       0.0065314       2.2274091      -2.2276545      -0.0002455       4.4550636
  -0.04490    -193.3742454    -193.3856773       0.0114319       2.2273181      -2.2277273      -0.0004091       4.4550454
