#H   Ei   Ej   AEij   pendi   pendj   |pendi|-|pendj|   |pendi-pendj|
  -0.02620    -193.3326084    -193.3216272       0.0109812       2.2258273      -2.2254364       0.0003909       4.4512637
  -0.02510    -193.3301600    -193.3240753       0.0060847       2.2257454      -2.2255273       0.0002182       4.4512727
  -0.02400    -193.3277118    -193.3265234       0.0011884       2.2256545      -2.2256091       0.0000454       4.4512637
  -0.02290    -193.3252636    -193.3289716       0.0037080       2.2255727      -2.2256818      -0.0001091       4.4512546
  -0.02180    -193.3228155    -193.3314199       0.0086044       2.2254818      -2.2257909      -0.0003091       4.4512727
  -0.02070    -193.3203675    -193.3338683       0.0135008       2.2253818      -2.2258909      -0.0005090       4.4512727
