#H   Ei   Ej   AEij   pendi   pendj   |pendi|-|pendj|   |pendi-pendj|
  -0.07020    -196.3074303    -195.5267014       0.7807289      -0.0075637       0.0566545      -0.0490908       0.0642182
  -0.06910    -196.3074432    -195.5266393       0.7808039      -0.0158909       0.0563182      -0.0404273       0.0722091
  -0.06800    -196.3074653    -195.5265775       0.7808878      -0.0242273       0.0559818      -0.0317545       0.0802091
  -0.06690    -196.3074965    -195.5265161       0.7809804      -0.0325636       0.0556545      -0.0230909       0.0882182
  -0.06580    -196.3075369    -195.5264551       0.7810818      -0.0408909       0.0553182      -0.0144273       0.0962091
