#H   Ei   Ej   AEij   pendi   pendj   |pendi|-|pendj|   |pendi-pendj|
   0.09260    -193.9182226    -193.9055735       0.0126491       1.6138636      -2.2455909      -0.6317273       3.8594545
   0.09370    -193.9164448    -193.9080437       0.0084011       1.6185272      -2.2456818      -0.6271546       3.8642090
   0.09480    -193.9146618    -193.9105140       0.0041478       1.6231818      -2.2457545      -0.6225727       3.8689363
   0.09590    -193.9128738    -193.9129844       0.0001106       1.6278000      -2.2458364      -0.6180364       3.8736364
   0.09700    -193.9110806    -193.9154548       0.0043742       1.6323909      -2.2459272      -0.6135363       3.8783182
   0.09810    -193.9092825    -193.9179254       0.0086429       1.6369727      -2.2460091      -0.6090364       3.8829818
   0.09920    -193.9074793    -193.9203961       0.0129168       1.6415454      -2.2460909      -0.6045454       3.8876363
