#H   Ei   Ej   AEij   pendi   pendj   |pendi|-|pendj|   |pendi-pendj|
  -0.09770    -193.8105034    -193.7980909       0.0124125       2.2424364      -2.2420182       0.0004182       4.4844546
  -0.09660    -193.8080367    -193.8005571       0.0074796       2.2423455      -2.2420909       0.0002545       4.4844364
  -0.09550    -193.8055702    -193.8030235       0.0025467       2.2422637      -2.2421818       0.0000818       4.4844455
  -0.09440    -193.8031038    -193.8054899       0.0023861       2.2421818      -2.2422728      -0.0000910       4.4844546
  -0.09330    -193.8006374    -193.8079565       0.0073191       2.2421000      -2.2423455      -0.0002455       4.4844455
  -0.09220    -193.7981711    -193.8104231       0.0122520       2.2420182      -2.2424273      -0.0004091       4.4844455
