#H   Ei   Ej   AEij   pendi   pendj   |pendi|-|pendj|   |pendi-pendj|
  -0.12190    -193.5459837    -193.5315358       0.0144479       2.2333818      -2.2328909       0.0004909       4.4662727
  -0.12080    -193.5435270    -193.5339921       0.0095349       2.2332999      -2.2329818       0.0003181       4.4662818
  -0.11970    -193.5410704    -193.5364484       0.0046220       2.2332273      -2.2330637       0.0001636       4.4662910
  -0.11860    -193.5386139    -193.5389048       0.0002909       2.2331363      -2.2331364      -0.0000000       4.4662727
  -0.11750    -193.5361575    -193.5413613       0.0052038       2.2330454      -2.2332273      -0.0001818       4.4662727
  -0.11640    -193.5337012    -193.5438179       0.0101167       2.2329545      -2.2333000      -0.0003455       4.4662545
