#H   Ei   Ej   AEij   pendi   pendj   |pendi|-|pendj|   |pendi-pendj|
   0.11570    -193.6514775    -193.6382127       0.0132648       2.2370182      -2.2365909       0.0004273       4.4736091
   0.11680    -193.6490169    -193.6406730       0.0083439       2.2369455      -2.2366818       0.0002637       4.4736273
   0.11790    -193.6465563    -193.6431334       0.0034229       2.2368727      -2.2367545       0.0001182       4.4736273
   0.11900    -193.6440957    -193.6455939       0.0014982       2.2368000      -2.2368363      -0.0000363       4.4736364
   0.12010    -193.6416353    -193.6480544       0.0064191       2.2367000      -2.2369091      -0.0002091       4.4736091
   0.12120    -193.6391750    -193.6505151       0.0113401       2.2365909      -2.2370000      -0.0004091       4.4735908
