#H   Ei   Ej   AEij   pendi   pendj   |pendi|-|pendj|   |pendi-pendj|
  -0.00310    -194.0244648    -194.0105193       0.0139455       2.2495000      -2.2490455       0.0004545       4.4985455
  -0.00200    -194.0219904    -194.0129933       0.0089971       2.2494091      -2.2491364       0.0002727       4.4985455
  -0.00090    -194.0195161    -194.0154674       0.0040487       2.2493363      -2.2492091       0.0001273       4.4985454
   0.00020    -194.0170419    -194.0179416       0.0008997       2.2492545      -2.2492909      -0.0000363       4.4985454
   0.00130    -194.0145677    -194.0204158       0.0058481       2.2491818      -2.2493636      -0.0001818       4.4985454
   0.00240    -194.0120937    -194.0228902       0.0107965       2.2490909      -2.2494364      -0.0003455       4.4985273
