#H   Ei   Ej   AEij   pendi   pendj   |pendi|-|pendj|   |pendi-pendj|
   0.09260    -193.7031735    -193.6927321       0.0104414       2.2387910      -2.2384455       0.0003455       4.4772364
   0.09370    -193.7007109    -193.6951944       0.0055165       2.2387091      -2.2385273       0.0001818       4.4772363
   0.09480    -193.6982483    -193.6976569       0.0005914       2.2386363      -2.2386182       0.0000182       4.4772545
   0.09590    -193.6957859    -193.7001194       0.0043335       2.2385636      -2.2386999      -0.0001363       4.4772636
   0.09700    -193.6933235    -193.7025820       0.0092585       2.2384637      -2.2387727      -0.0003091       4.4772364
   0.09810    -193.6908612    -193.7050447       0.0141835       2.2383819      -2.2388636      -0.0004818       4.4772455
