#H   Ei   Ej   AEij   pendi   pendj   |pendi|-|pendj|   |pendi-pendj|
  -0.12190    -195.5300309    -194.1469935       1.3830374       0.0721363      -0.0244637       0.0476727       0.0966000
  -0.12080    -195.5299517    -194.1470159       1.3829358       0.0718181      -0.0161545       0.0556636       0.0879726
  -0.11970    -195.5298729    -194.1470290       1.3828439       0.0715000      -0.0078364       0.0636636       0.0793364
