#H   Ei   Ej   AEij   pendi   pendj   |pendi|-|pendj|   |pendi-pendj|
   0.11240    -193.9611917    -193.9500509       0.0111408       1.4903000      -2.2470727      -0.7567727       3.7373727
   0.11350    -193.9595495    -193.9525227       0.0070268       1.4954545      -2.2471545      -0.7517000       3.7426091
   0.11460    -193.9579017    -193.9549946       0.0029071       1.5005909      -2.2472090      -0.7466182       3.7477999
   0.11570    -193.9562482    -193.9574666       0.0012184       1.5057091      -2.2472909      -0.7415818       3.7530000
   0.11680    -193.9545891    -193.9599386       0.0053495       1.5108000      -2.2473818      -0.7365818       3.7581818
   0.11790    -193.9529244    -193.9624108       0.0094864       1.5158637      -2.2474636      -0.7315999       3.7633273
   0.11900    -193.9512542    -193.9648831       0.0136289       1.5209091      -2.2475636      -0.7266546       3.7684727
