#H   Ei   Ej   AEij   pendi   pendj   |pendi|-|pendj|   |pendi-pendj|
  -0.12190    -193.7583513    -193.7438563       0.0144950       2.2406636      -2.2401818       0.0004818       4.4808454
  -0.12080    -193.7558866    -193.7463205       0.0095661       2.2405909      -2.2402636       0.0003272       4.4808545
  -0.11970    -193.7534220    -193.7487848       0.0046372       2.2405182      -2.2403454       0.0001728       4.4808636
  -0.11860    -193.7509575    -193.7512493       0.0002918       2.2404363      -2.2404364      -0.0000001       4.4808727
  -0.11750    -193.7484930    -193.7537138       0.0052208       2.2403455      -2.2405182      -0.0001727       4.4808637
  -0.11640    -193.7460287    -193.7561784       0.0101497       2.2402636      -2.2405909      -0.0003272       4.4808545
