#H   Ei   Ej   AEij   pendi   pendj   |pendi|-|pendj|   |pendi-pendj|
   0.01890    -196.3075150    -195.5264864       0.7810286       0.0365909      -0.0555000      -0.0189091       0.0920909
   0.02000    -196.3074793    -195.5265477       0.7809316       0.0282545      -0.0558273      -0.0275727       0.0840818
   0.02110    -196.3074528    -195.5266093       0.7808435       0.0199273      -0.0561728      -0.0362455       0.0761000
   0.02220    -196.3074355    -195.5266712       0.7807643       0.0116091      -0.0564818      -0.0448727       0.0680910
   0.02330    -196.3074273    -195.5267336       0.7806937       0.0032818      -0.0568182      -0.0535364       0.0601000
