#H   Ei   Ej   AEij   pendi   pendj   |pendi|-|pendj|   |pendi-pendj|
  -0.16590    -196.3074268    -195.5297826       0.7776442      -0.0017546       0.0711091      -0.0693545       0.0728637
  -0.16480    -196.3074333    -195.5297046       0.7777287      -0.0100818       0.0707728      -0.0606910       0.0808546
  -0.16370    -196.3074489    -195.5296269       0.7778220      -0.0184090       0.0704364      -0.0520274       0.0888454
  -0.16260    -196.3074738    -195.5295496       0.7779242      -0.0267363       0.0701091      -0.0433728       0.0968455
