#H   Ei   Ej   AEij   pendi   pendj   |pendi|-|pendj|   |pendi-pendj|
  -0.00310    -193.2812131    -193.2674260       0.0137871       2.2239727      -2.2234727       0.0005000       4.4474454
  -0.00200    -193.2787668    -193.2698719       0.0088949       2.2238819      -2.2235545       0.0003274       4.4474364
  -0.00090    -193.2763206    -193.2723179       0.0040027       2.2238000      -2.2236545       0.0001454       4.4474545
   0.00020    -193.2738744    -193.2747639       0.0008895       2.2237091      -2.2237455      -0.0000364       4.4474546
   0.00130    -193.2714284    -193.2772101       0.0057817       2.2236273      -2.2238272      -0.0002000       4.4474545
   0.00240    -193.2689825    -193.2796564       0.0106739       2.2235273      -2.2239273      -0.0004000       4.4474546
