#H   Ei   Ej   AEij   pendi   pendj   |pendi|-|pendj|   |pendi-pendj|
   0.06840    -193.7573748    -193.7448325       0.0125423       2.2406454      -2.2402273       0.0004181       4.4808727
   0.06950    -193.7549101    -193.7472968       0.0076133       2.2405637      -2.2403182       0.0002455       4.4808819
   0.07060    -193.7524456    -193.7497612       0.0026844       2.2404727      -2.2403909       0.0000818       4.4808637
   0.07170    -193.7499811    -193.7522257       0.0022446       2.2403909      -2.2404727      -0.0000818       4.4808636
   0.07280    -193.7475167    -193.7546902       0.0071735       2.2403182      -2.2405454      -0.0002272       4.4808636
   0.07390    -193.7450524    -193.7571549       0.0121025       2.2402273      -2.2406363      -0.0004091       4.4808636
