#H   Ei   Ej   AEij   pendi   pendj   |pendi|-|pendj|   |pendi-pendj|
   0.06840    -193.6511061    -193.6385841       0.0125220       2.2370273      -2.2365909       0.0004364       4.4736182
   0.06950    -193.6486454    -193.6410444       0.0076010       2.2369545      -2.2366818       0.0002727       4.4736363
   0.07060    -193.6461848    -193.6435048       0.0026800       2.2368636      -2.2367727       0.0000909       4.4736363
   0.07170    -193.6437243    -193.6459653       0.0022410       2.2367727      -2.2368455      -0.0000728       4.4736182
   0.07280    -193.6412639    -193.6484259       0.0071620       2.2366818      -2.2369272      -0.0002454       4.4736090
   0.07390    -193.6388036    -193.6508865       0.0120829       2.2365909      -2.2370000      -0.0004092       4.4735909
