#H   Ei   Ej   AEij   pendi   pendj   |pendi|-|pendj|   |pendi-pendj|
  -0.07460    -195.5300429    -194.1469894       1.3830535       0.0721909      -0.0257091       0.0464818       0.0979000
  -0.07350    -195.5299636    -194.1470131       1.3829505       0.0718637      -0.0174000       0.0544637       0.0892637
  -0.07240    -195.5298848    -194.1470276       1.3828572       0.0715363      -0.0090727       0.0624636       0.0806090
  -0.07130    -195.5298063    -194.1470331       1.3827732       0.0712091      -0.0007545       0.0704546       0.0719636
