#H   Ei   Ej   AEij   pendi   pendj   |pendi|-|pendj|   |pendi-pendj|
  -0.02620    -193.7566307    -193.7455765       0.0110542       2.2406091      -2.2402273       0.0003818       4.4808364
  -0.02510    -193.7541661    -193.7480408       0.0061253       2.2405272      -2.2403182       0.0002090       4.4808455
  -0.02400    -193.7517015    -193.7505052       0.0011963       2.2404545      -2.2404091       0.0000454       4.4808636
  -0.02290    -193.7492371    -193.7529697       0.0037326       2.2403818      -2.2405000      -0.0001182       4.4808818
  -0.02180    -193.7467727    -193.7554343       0.0086616       2.2402819      -2.2405909      -0.0003091       4.4808728
  -0.02070    -193.7443084    -193.7578990       0.0135906       2.2402000      -2.2406636      -0.0004636       4.4808637
