#H   Ei   Ej   AEij   pendi   pendj   |pendi|-|pendj|   |pendi-pendj|
  -0.05040    -193.4923291    -193.4792362       0.0130929       2.2315000      -2.2310454       0.0004546       4.4625454
  -0.04930    -193.4898745    -193.4816904       0.0081841       2.2314273      -2.2311363       0.0002909       4.4625636
  -0.04820    -193.4874200    -193.4841447       0.0032753       2.2313455      -2.2312272       0.0001183       4.4625727
  -0.04710    -193.4849655    -193.4865991       0.0016336       2.2312545      -2.2313000      -0.0000455       4.4625545
  -0.04600    -193.4825112    -193.4890536       0.0065424       2.2311728      -2.2313818      -0.0002091       4.4625546
  -0.04490    -193.4800570    -193.4915081       0.0114511       2.2310727      -2.2314728      -0.0004000       4.4625455
