#H   Ei   Ej   AEij   pendi   pendj   |pendi|-|pendj|   |pendi-pendj|
  -0.19560    -193.8224859    -193.8171590       0.0053269      -1.1658090       1.5819909      -0.4161818       2.7477999
  -0.19450    -193.8244930    -193.8146921       0.0098009      -1.8226818       2.2425636      -0.4198818       4.0652454
  -0.19340    -193.8264958    -193.8122254       0.0142704      -1.8188636       2.2424727      -0.4236091       4.0613364
