#H   Ei   Ej   AEij   pendi   pendj   |pendi|-|pendj|   |pendi-pendj|
   0.13990    -193.5973638    -193.5861972       0.0111666       2.2351818      -2.2347727       0.0004092       4.4699545
   0.14100    -193.5949052    -193.5886555       0.0062497       2.2350909      -2.2348636       0.0002273       4.4699545
   0.14210    -193.5924466    -193.5911139       0.0013327       2.2350000      -2.2349545       0.0000455       4.4699545
   0.14320    -193.5899882    -193.5935724       0.0035842       2.2349091      -2.2350454      -0.0001363       4.4699545
   0.14430    -193.5875298    -193.5960310       0.0085012       2.2348181      -2.2351363      -0.0003182       4.4699545
   0.14540    -193.5850716    -193.5984897       0.0134181       2.2347454      -2.2352091      -0.0004637       4.4699545
