#H   Ei   Ej   AEij   pendi   pendj   |pendi|-|pendj|   |pendi-pendj|
  -0.11860    -196.3074266    -195.5267545       0.7806721      -0.0005000       0.0569364      -0.0564363       0.0574364
  -0.11750    -196.3074317    -195.5266920       0.7807397      -0.0088182       0.0566091      -0.0477910       0.0654273
  -0.11640    -196.3074460    -195.5266300       0.7808160      -0.0171546       0.0562727      -0.0391181       0.0734273
  -0.11530    -196.3074694    -195.5265682       0.7809012      -0.0254819       0.0559364      -0.0304545       0.0814183
  -0.11420    -196.3075021    -195.5265069       0.7809952      -0.0338182       0.0556091      -0.0217909       0.0894272
  -0.11310    -196.3075438    -195.5264459       0.7810979      -0.0421545       0.0552727      -0.0131182       0.0974272
