#H   Ei   Ej   AEij   pendi   pendj   |pendi|-|pendj|   |pendi-pendj|
  -0.07020    -196.3074303    -195.5297281       0.7777022      -0.0075637       0.0708909      -0.0633272       0.0784546
  -0.06910    -196.3074432    -195.5296503       0.7777929      -0.0158909       0.0705636      -0.0546727       0.0864546
  -0.06800    -196.3074653    -195.5295729       0.7778924      -0.0242273       0.0702272      -0.0459999       0.0944546
