#H   Ei   Ej   AEij   pendi   pendj   |pendi|-|pendj|   |pendi-pendj|
  -0.02290    -196.3074292    -195.5267109       0.7807183      -0.0063182       0.0567000      -0.0503818       0.0630182
  -0.02180    -196.3074407    -195.5266487       0.7807920      -0.0146364       0.0563728      -0.0417364       0.0710091
  -0.02070    -196.3074614    -195.5265868       0.7808746      -0.0229545       0.0560455      -0.0330909       0.0790000
  -0.01960    -196.3074912    -195.5265254       0.7809658      -0.0312909       0.0557182      -0.0244273       0.0870091
  -0.01850    -196.3075302    -195.5264643       0.7810659      -0.0396182       0.0553727      -0.0157546       0.0949909
