#H   Ei   Ej   AEij   pendi   pendj   |pendi|-|pendj|   |pendi-pendj|
   0.19490    -194.0414359    -194.0288195       0.0126164       1.1788272      -2.2496364      -1.0708091       3.4284636
   0.19600    -194.0401357    -194.0312942       0.0088415       1.1850909      -2.2497091      -1.0646182       3.4348000
   0.19710    -194.0388287    -194.0337689       0.0050598       1.1913364      -2.2497909      -1.0584545       3.4411273
