#H   Ei   Ej   AEij   pendi   pendj   |pendi|-|pendj|   |pendi-pendj|
  -0.00310    -193.9177729    -193.9038491       0.0139238       2.2460000      -2.2455455       0.0004545       4.4915455
  -0.00200    -193.9153023    -193.9063193       0.0089830       2.2459091      -2.2456182       0.0002909       4.4915273
  -0.00090    -193.9128319    -193.9087895       0.0040424       2.2458364      -2.2457000       0.0001364       4.4915363
   0.00020    -193.9103615    -193.9112598       0.0008983       2.2457546      -2.2457727      -0.0000181       4.4915273
   0.00130    -193.9078912    -193.9137302       0.0058390       2.2456819      -2.2458636      -0.0001818       4.4915455
   0.00240    -193.9054210    -193.9162007       0.0107797       2.2455910      -2.2459545      -0.0003636       4.4915455
