#H   Ei   Ej   AEij   pendi   pendj   |pendi|-|pendj|   |pendi-pendj|
   0.12010    -193.8722895    -193.8607526       0.0115369       1.7247727      -2.2441091      -0.5193363       3.9688818
   0.12120    -193.8703899    -193.8632212       0.0071687       1.7289818      -2.2441909      -0.5152091       3.9731727
   0.12230    -193.8684857    -193.8656899       0.0027958       1.7331636      -2.2442727      -0.5111090       3.9774363
   0.12340    -193.8665769    -193.8681586       0.0015817       1.7373182      -2.2443545      -0.5070364       3.9816727
   0.12450    -193.8646636    -193.8706274       0.0059638       1.7414727      -2.2444363      -0.5029636       3.9859091
   0.12560    -193.8627457    -193.8730964       0.0103507       1.7456000      -2.2445273      -0.4989273       3.9901273
   0.12670    -193.8608232    -193.8755654       0.0147422       1.7497273      -2.2446091      -0.4948818       3.9943364
