#H   Ei   Ej   AEij   pendi   pendj   |pendi|-|pendj|   |pendi-pendj|
  -0.02620    -193.5442687    -193.5332505       0.0110182       2.2333363      -2.2329545       0.0003818       4.4662908
  -0.02510    -193.5418121    -193.5357068       0.0061053       2.2332545      -2.2330273       0.0002272       4.4662818
  -0.02400    -193.5393555    -193.5381632       0.0011923       2.2331636      -2.2331091       0.0000545       4.4662727
  -0.02290    -193.5368991    -193.5406196       0.0037205       2.2330636      -2.2332000      -0.0001364       4.4662636
  -0.02180    -193.5344428    -193.5430762       0.0086334       2.2329727      -2.2332818      -0.0003092       4.4662545
  -0.02070    -193.5319866    -193.5455329       0.0135463       2.2328910      -2.2333818      -0.0004909       4.4662728
