#H   Ei   Ej   AEij   pendi   pendj   |pendi|-|pendj|   |pendi-pendj|
  -0.16590    -196.3074268    -195.5334955       0.7739313      -0.0017546       0.0853364      -0.0835818       0.0870910
  -0.16480    -196.3074333    -195.5334018       0.7740315      -0.0100818       0.0850091      -0.0749273       0.0950909
