#H   Ei   Ej   AEij   pendi   pendj   |pendi|-|pendj|   |pendi-pendj|
   0.13990    -193.7035453    -193.6923604       0.0111849       2.2388182      -2.2384455       0.0003727       4.4772636
   0.14100    -193.7010826    -193.6948227       0.0062599       2.2387364      -2.2385273       0.0002091       4.4772637
   0.14210    -193.6986200    -193.6972852       0.0013348       2.2386545      -2.2386182       0.0000363       4.4772727
   0.14320    -193.6961576    -193.6997477       0.0035901       2.2385637      -2.2387000      -0.0001363       4.4772636
   0.14430    -193.6936952    -193.7022103       0.0085151       2.2384818      -2.2387545      -0.0002727       4.4772363
   0.14540    -193.6912329    -193.7046730       0.0134401       2.2384091      -2.2388364      -0.0004273       4.4772454
