#H   Ei   Ej   AEij   pendi   pendj   |pendi|-|pendj|   |pendi-pendj|
  -0.00310    -193.4926996    -193.4788657       0.0138339       2.2315273      -2.2310455       0.0004818       4.4625728
  -0.00200    -193.4902450    -193.4813199       0.0089251       2.2314455      -2.2311364       0.0003091       4.4625819
  -0.00090    -193.4877905    -193.4837742       0.0040163       2.2313455      -2.2312091       0.0001364       4.4625545
   0.00020    -193.4853360    -193.4862286       0.0008926       2.2312545      -2.2312909      -0.0000364       4.4625454
   0.00130    -193.4828817    -193.4886830       0.0058013       2.2311728      -2.2313818      -0.0002090       4.4625545
   0.00240    -193.4804275    -193.4911376       0.0107101       2.2310910      -2.2314636      -0.0003727       4.4625546
