#H   Ei   Ej   AEij   pendi   pendj   |pendi|-|pendj|   |pendi-pendj|
  -0.05040    -193.9174000    -193.9042220       0.0131780       2.2459818      -2.2455545       0.0004273       4.4915364
  -0.04930    -193.9149294    -193.9066922       0.0082372       2.2459091      -2.2456364       0.0002727       4.4915455
  -0.04820    -193.9124590    -193.9091624       0.0032966       2.2458364      -2.2457000       0.0001364       4.4915364
  -0.04710    -193.9099886    -193.9116327       0.0016441       2.2457545      -2.2457909      -0.0000364       4.4915454
  -0.04600    -193.9075183    -193.9141031       0.0065848       2.2456636      -2.2458910      -0.0002273       4.4915546
  -0.04490    -193.9050481    -193.9165737       0.0115256       2.2455818      -2.2459819      -0.0004000       4.4915637
