#H   Ei   Ej   AEij   pendi   pendj   |pendi|-|pendj|   |pendi-pendj|
   0.13990    -193.9184905    -193.9052006       0.0132899       1.6131636      -2.2455909      -0.6324273       3.8587545
   0.14100    -193.9167135    -193.9076708       0.0090427       1.6178363      -2.2456818      -0.6278455       3.8635181
   0.14210    -193.9149313    -193.9101411       0.0047902       1.6224819      -2.2457545      -0.6232727       3.8682364
   0.14320    -193.9131440    -193.9126115       0.0005325       1.6271182      -2.2458363      -0.6187181       3.8729545
   0.14430    -193.9113516    -193.9150819       0.0037303       1.6317091      -2.2459091      -0.6141999       3.8776182
   0.14540    -193.9095542    -193.9175525       0.0079983       1.6362909      -2.2459818      -0.6096908       3.8822727
   0.14650    -193.9077518    -193.9200231       0.0122713       1.6408454      -2.2460637      -0.6052182       3.8869091
