#H   Ei   Ej   AEij   pendi   pendj   |pendi|-|pendj|   |pendi-pendj|
  -0.11860    -196.3074266    -195.5335096       0.7739170      -0.0005000       0.0853818      -0.0848818       0.0858819
  -0.11750    -196.3074317    -195.5334159       0.7740158      -0.0088182       0.0850454      -0.0762273       0.0938636
