#H   Ei   Ej   AEij   pendi   pendj   |pendi|-|pendj|   |pendi-pendj|
  -0.14500    -193.7037774    -193.6921283       0.0116491       2.2388181      -2.2384273       0.0003909       4.4772454
  -0.14390    -193.7013148    -193.6945906       0.0067242       2.2387454      -2.2385000       0.0002454       4.4772455
  -0.14280    -193.6988522    -193.6970530       0.0017992       2.2386636      -2.2385910       0.0000727       4.4772546
  -0.14170    -193.6963897    -193.6995155       0.0031258       2.2385909      -2.2386819      -0.0000909       4.4772728
  -0.14060    -193.6939273    -193.7019781       0.0080508       2.2385000      -2.2387728      -0.0002727       4.4772728
  -0.13950    -193.6914650    -193.7044408       0.0129758       2.2384091      -2.2388455      -0.0004363       4.4772546
