#H   Ei   Ej   AEij   pendi   pendj   |pendi|-|pendj|   |pendi-pendj|
   0.06400    -196.3076228    -195.5240930       0.7835298       0.0545000      -0.0405636       0.0139363       0.0950636
   0.06510    -196.3075674    -195.5241378       0.7834296       0.0461818      -0.0408909       0.0052909       0.0870727
   0.06620    -196.3075212    -195.5241830       0.7833382       0.0378636      -0.0412273      -0.0033636       0.0790909
   0.06730    -196.3074841    -195.5242285       0.7832556       0.0295273      -0.0415455      -0.0120182       0.0710727
   0.06840    -196.3074562    -195.5242744       0.7831818       0.0212000      -0.0418636      -0.0206636       0.0630636
   0.06950    -196.3074375    -195.5243206       0.7831169       0.0128637      -0.0422000      -0.0293363       0.0550637
   0.07060    -196.3074279    -195.5243672       0.7830607       0.0045273      -0.0425454      -0.0380182       0.0470727
