#H   Ei   Ej   AEij   pendi   pendj   |pendi|-|pendj|   |pendi-pendj|
   0.16080    -196.3075342    -195.5264588       0.7810754       0.0403727      -0.0553455      -0.0149728       0.0957182
   0.16190    -196.3074943    -195.5265199       0.7809744       0.0320454      -0.0556818      -0.0236364       0.0877273
   0.16300    -196.3074637    -195.5265813       0.7808824       0.0237182      -0.0560182      -0.0323000       0.0797364
   0.16410    -196.3074422    -195.5266431       0.7807991       0.0153727      -0.0563455      -0.0409728       0.0717182
   0.16520    -196.3074298    -195.5267053       0.7807245       0.0070455      -0.0566818      -0.0496363       0.0637273
